// Jest Snapshot v1, https://goo.gl/fbAQLP

exports[`<Pagination/> renders pagination for 18 items 1`] = `
<div>
  <div
    class="p-8 text-center grid-cols-4 gap-3.5 items-stretch justify-center mt-4 mb-auto "
    data-testid="pagination"
  >
    <div
      class=" inline-flex border rounded-lg divide-x"
    >
      <a
        aria-disabled="true"
        class="px-7 py-4 text-gray-500"
        href="/products/0"
      >
        ← Prev
      </a>
      <p
        class="px-7 py-4 hidden sm:block "
      >
        Page 
        1
         of 
        <span
          data-testid="pageCount"
        >
          9
        </span>
      </p>
      <p
        class="px-7 py-4 hidden sm:block"
      >
        18
         Items Total
      </p>
      <a
        aria-disabled="false"
        class="px-7 py-4 text-gray-500"
        href="/products/2"
      >
        Next →
      </a>
    </div>
  </div>
</div>
`;
